// Jest Snapshot v1, https://goo.gl/fbAQLP

exports[`LeaderBoard get data 1`] = `
Array [
  <table
    border="1"
    className="leaderBoard__table"
  >
    <caption>
      <h3>
        TOP 10
      </h3>
    </caption>
    <thead>
      <tr>
        <th>
          place
        </th>
        <th>
          name
        </th>
        <th>
          score
        </th>
        <th
          className="leaderBoard__table__average"
        >
          average
        </th>
        <th>
          seconds
        </th>
      </tr>
    </thead>
    <tbody>
      <tr
        className=""
      >
        <td>
          1
        </td>
        <td>
          kost
        </td>
        <td>
          50
        </td>
        <td
          className="leaderBoard__table__average"
        >
          10
        </td>
        <td>
          5
        </td>
      </tr>
      <tr
        className=""
      >
        <td>
          2
        </td>
        <td>
          2
        </td>
        <td>
          45
        </td>
        <td
          className="leaderBoard__table__average"
        >
          9
        </td>
        <td>
          5
        </td>
      </tr>
      <tr
        className=""
      >
        <td>
          3
        </td>
        <td>
          kst1
        </td>
        <td>
          40
        </td>
        <td
          className="leaderBoard__table__average"
        >
          8
        </td>
        <td>
          5
        </td>
      </tr>
      <tr
        className=""
      >
        <td>
          4
        </td>
        <td>
          kst2
        </td>
        <td>
          40
        </td>
        <td
          className="leaderBoard__table__average"
        >
          8
        </td>
        <td>
          5
        </td>
      </tr>
      <tr
        className="leaderBoard__table__div"
      >
        <td>
          5
        </td>
        <td>
          kst
        </td>
        <td>
          35
        </td>
        <td
          className="leaderBoard__table__average"
        >
          7
        </td>
        <td>
          5
        </td>
      </tr>
    </tbody>
  </table>,
  <div
    className="leaderBoard__table__userPlace"
  >
    kst
    , your place is 
    <span
      className="leaderBoard__table__average"
    >
      1
    </span>
  </div>,
]
`;

exports[`LeaderBoard should be render 1`] = `
<h3>
  Loading...
</h3>
`;

exports[`leader board error 1`] = `
<h3>
  Loading...
</h3>
`;
